FancyPolice: Unicode shenanigans detected! 🕵️
Found 2 suspicious characters (2.00% density)
💡 Tip: Use --pedantic flag to see detailed violations
🎯 Or fix the major issues first (threshold exceeded = detailed report)
