FancyPolice: Unicode shenanigans detected! 🕵️
Found 1 suspicious characters (100.00% density)
🚨  HIGH DENSITY: Too much Unicode glitter detected!

💡 Tip: Use --pedantic flag to see detailed violations
🎯 Or fix the major issues first
