FancyPolice: Unicode shenanigans detected! 🕵️
Found 2 suspicious characters (50.00% density)
🚨  HIGH DENSITY: Too much Unicode glitter detected!

Detailed violations:
- line 1, col 3: found "𝗿" (MATHEMATICAL SANS-SERIF BOLD SMALL) [U+1D5FF] -> replace with "r"
- line 1, col 3: found "𝗿" (MATHEMATICAL SANS-SERIF BOLD SMALL) [U+1D5FF] -> replace with "r"
