FancyPolice: No Unicode gremlins found. Carry on, ASCII astronaut. 🧑‍🚀
